<?xml version="1.0" encoding="UTF-8"?>
<!DOCTYPE html PUBLIC "-//W3C//DTD XHTML 1.0 Strict//EN" "http://www.w3.org/TR/xhtml1/DTD/xhtml1-strict.dtd">
<html xmlns="http://www.w3.org/1999/xhtml">

<head>
	<meta content="text/html; charset=utf-8" http-equiv="Content-Type" />
	<title>JCite With Plain Text Files</title>
    <style media="screen" type="text/css">
		
    </style>
	<link href="style_screen.css" rel="stylesheet" media="screen" type="text/css" /><link href="style_print.css" rel="stylesheet" media="print" type="text/css" />
</head>

<body>
    <div class="all">
		<div class="header">
<div class="nav crumbs">
	<a href="http://arrenbrecht.ch/">arrenbrecht.ch</a> &gt; <a href="index.htm">JCite</a> &gt; 
</div>


		</div>
        <div class="content">

<h1>JCite With Plain Text Files</h1>

	<p>This document shows how JCite can cite examples from plain text files.</p>


<div class="toc"><ul class="toc toc1"><li><a href="#pagetoc__1">Citing Line-delimited Blocks</a></li><li><a href="#pagetoc__2">Citing from <span class="caps">XML</span>/HTML</a></li><li><a href="#pagetoc__3">Citing Without Predefined Surrounding Markup</a></li><li><a href="#pagetoc__4">Citing Without Any Post-Processing</a></li></ul></div>
	<h2><a name="pagetoc__1">Citing Line-delimited Blocks</a></h2>

	<p>Using JCite, you can cite entire blocks, delimited by (usually) comment lines:</p>

	<pre class="example">java -cp "$cp:$CLASSPATH" ch.arrenbrecht.jcite.JCite "$@"
</pre>


	<p>This was produced by the following JCite instruction in the source <span class="caps">HTML</span> document:</p>


<pre class="jc">[t<b></b>ext:plain.sh:# ---- sample]</pre>
	<p>The part <code>plain.sh</code> tells JCite which file to cite from. The part <code># ---- sample</code> tells it what fragment to cite. You surround citable fragments with special comments in the text file:</p>

	<pre class="example"># ---- sample
java -cp "$cp:$CLASSPATH" ch.arrenbrecht.jcite.JCite "$@"
# ---- sample
</pre>


	<p>The part <code># ---- sample</code> is freely choosable. It must simply match the respective comment in the source file.</p>


	<h2><a name="pagetoc__2">Citing from <span class="caps">XML</span>/HTML</a></h2>

	<p>We can similarly cite from an <span class="caps">XML</span> file. However, including the <span class="caps">XML</span> comment symbols in <span class="caps">HTML</span> sources can be cumbersome, so JCite offers a simplification:</p>

	<pre class="example">		<p>This is just some <b>demo</b> text.</p>
</pre>


	<p>This was produced by the following JCite instruction in the source <span class="caps">HTML</span> document:</p>


<pre class="jc">[t<b></b>ext:plain.xml:xml! sample ]</pre>
	<p>The part <code>xml! sample </code> tells JCite to look for an <span class="caps">XML</span> comment with <code>sample</code> in it, so:</p>

	<pre class="example">		<!-- sample -->
		<p>This is just some <b>demo</b> text.</p>
		<!-- sample -->
</pre>


	<h2><a name="pagetoc__3">Citing Without Predefined Surrounding Markup</a></h2>

	<p>Normally, JCite removes the citation directive&#8217;s surrounding tag pair (normally a <code>pre</code> pair), and replaces it with:</p>



<pre><code>&lt;pre class="j-text">&lt;code>...&lt;/code>&lt;/pre></pre>

	<p>To avoid this, just use a <code>textp:</code> prefix instead of <code>text:</code> (where the &#8220;p&#8221; stands for <em>plain</em>). So:</p>


<blockquote>&lt;p&gt;This is just some &lt;b&gt;demo&lt;/b&gt; text.&lt;/p&gt;</blockquote>
	<p>This was produced by the following JCite instruction in the source <span class="caps">HTML</span> document inside a <code>blockquote</code> tag:</p>


<pre class="jc">[t<b></b>extp:plain.xml:xml! sample ]</pre>
	<h2><a name="pagetoc__4">Citing Without Any Post-Processing</a></h2>

	<p>To cite directly into the <span class="caps">HTML</span> document markup, use <code>textraw</code> (note, though, that you still need to enclose the citation instruction in a tag of its own). So:</p>


<blockquote>		<p>This is just some <b>demo</b> text.</p>
</blockquote>
	<p>This was produced by the following JCite instruction in the source <span class="caps">HTML</span> document inside a <code>blockquote</code> tag:</p>


<pre class="jc">[t<b></b>extraw:plain.xml:xml! sample ]</pre>

		</div>
        <div class="footer">
<p>Copyright &copy; 2006 by Peter Arrenbrecht. All rights reserved.</p>
        </div>
    </div>
</body>
</html>
